// Jest Snapshot v1, https://goo.gl/fbAQLP

exports[`AuthorMark renders AuthorMark 1`] = `
<div
  className="text-white"
>
  author-mark-text
</div>
`;
