// Jest Snapshot v1, https://goo.gl/fbAQLP

exports[`TopLeftTriangle renders TopLeftTriangle 1`] = `
<div
  className="arrow-top-left-undefined"
/>
`;
