// Jest Snapshot v1, https://goo.gl/fbAQLP

exports[`SecondaryTitle renders SecondaryTitle and matches snapshot 1`] = `Screen {}`;
