// Jest Snapshot v1, https://goo.gl/fbAQLP

exports[`BottomBar renders BottomBar 1`] = `
<nav
  className="navbar align-items-center navbar navbar-expand navbar-dark bg-dark"
>
  <div
    className="nav col-md-8 mx-4 author-mark navbar-nav"
    onKeyDown={[Function]}
  >
    <div
      className="text-white"
    >
      Designed by ... | Powered by ... 
    </div>
  </div>
  <div
    className="col-md-3 justify-content-end"
  >
    <ul
      className="nav"
    >
      <li
        className="nav-item"
      >
        <a
          className="nav-link active"
          href="#"
        >
          Meta
        </a>
      </li>
      <li
        className="nav-item"
      >
        <a
          className="nav-link active"
          href="#"
        >
          Twitter
        </a>
      </li>
      <li
        className="nav-item"
      >
        <a
          className="nav-link active"
          href="#"
        >
          RSS
        </a>
      </li>
    </ul>
  </div>
</nav>
`;
