// Jest Snapshot v1, https://goo.gl/fbAQLP

exports[`SocialMediaButtonGroup renders SocialMediaButtonGroup and matches snapshot 1`] = `Screen {}`;
