// Jest Snapshot v1, https://goo.gl/fbAQLP

exports[`FeatureBox renders FeatureBox 1`] = `Screen {}`;
